  Determining projects to restore...
  All projects are up-to-date for restore.
  Gp4Net -> /Users/mistial/Projects/Gp4Net/src/Gp4Net/bin/Debug/net8.0/Gp4Net.dll
  Gp4Net.CardEmulator -> /Users/mistial/Projects/Gp4Net/tests/Gp4Net.CardEmulator/bin/Debug/net8.0/Gp4Net.CardEmulator.dll
  Gp4Net.Tool -> /Users/mistial/Projects/Gp4Net/src/Gp4Net.Tool/bin/Debug/net8.0/Gp4Net.Tool.dll
  Gp4Net.Tests -> /Users/mistial/Projects/Gp4Net/tests/Gp4Net.Tests/bin/Debug/net9.0/Gp4Net.Tests.dll

Build succeeded.
    0 Warning(s)
    0 Error(s)

Time Elapsed 00:00:00.96
