  Failed CapabilitiesSummary_ToString_ShouldFormatCorrectly [3 ms]
  Failed GetAllKnownOids_ShouldReturnNonEmptyDictionary [1 ms]
  Failed CapabilitiesSummary_ToString_ShouldFormatCorrectly [4 ms]
  Failed GetAllKnownOids_ShouldReturnNonEmptyDictionary [1 ms]
  Failed Constructor_WithInvalidHostCryptogramLength_ThrowsArgumentException(0) [< 1 ms]
  Failed Constructor_WithInvalidHostCryptogramLength_ThrowsArgumentException(7) [< 1 ms]
  Failed Constructor_WithInvalidHostCryptogramLength_ThrowsArgumentException(9) [< 1 ms]
  Failed Constructor_WithInvalidHostCryptogramLength_ThrowsArgumentException(16) [< 1 ms]
  Failed Constructor_WithInvalidMacLength_ThrowsArgumentException(0) [< 1 ms]
  Failed Constructor_WithInvalidMacLength_ThrowsArgumentException(7) [< 1 ms]
  Failed Constructor_WithInvalidMacLength_ThrowsArgumentException(9) [< 1 ms]
  Failed Constructor_WithInvalidMacLength_ThrowsArgumentException(16) [< 1 ms]
  Failed Constructor_WithNullHostCryptogram_ThrowsArgumentNullException [1 ms]
  Failed Constructor_WithInvalidHostCryptogramLength_ThrowsArgumentException(0) [< 1 ms]
  Failed ToString_ReturnsDescriptiveString [< 1 ms]
  Failed ToString_ReturnsDescriptiveString [< 1 ms]
  Failed AllParseMethods_HandleExceptionsGracefully [1 ms]
  Failed Constructor_WithInvalidHostCryptogramLength_ThrowsArgumentException(7) [< 1 ms]  Failed 
  Failed Constructor_WithInvalidHostCryptogramLength_ThrowsArgumentException(9) [< 1 ms]
  Failed Constructor_WithInvalidHostCryptogramLength_ThrowsArgumentException(16) [< 1 ms]
  Failed Constructor_WithInvalidMacLength_ThrowsArgumentException(0) [< 1 ms]
  Failed Constructor_WithInvalidMacLength_ThrowsArgumentException(7) [< 1 ms]
  Failed Constructor_WithInvalidMacLength_ThrowsArgumentException(9) [< 1 ms]
  Failed Constructor_WithInvalidMacLength_ThrowsArgumentException(16) [< 1 ms]
  Failed Constructor_WithNullHostCryptogram_ThrowsArgumentNullException [1 ms]
  Failed ParseAsCardData_WithInvalidData_ReturnsNull [< 1 ms]
  Failed ParseAsKeyInformation_WithInvalidData_ReturnsNull [< 1 ms]
  Failed Command_FollowsGlobalPlatformSpecification [< 1 ms]
  Failed Constructor_WithInvalidHostChallengeLength_ThrowsArgumentException(0) [< 1 ms]
  Failed Constructor_WithInvalidHostChallengeLength_ThrowsArgumentException(7) [< 1 ms]
  Failed Constructor_WithInvalidHostChallengeLength_ThrowsArgumentException(9) [< 1 ms]
  Failed Constructor_WithInvalidHostChallengeLength_ThrowsArgumentException(16) [< 1 ms]
  Failed Constructor_WithNullHostChallenge_ThrowsArgumentNullException [< 1 ms]
  Failed ToString_ReturnsDescriptiveString [< 1 ms]
  Failed GetApdu_ReturnsCorrectApduStructure [< 1 ms]
  Failed ToString_ReturnsDescriptiveString [< 1 ms]
  Failed ToString_ReturnsDescriptiveString [< 1 ms]
  Failed AllParseMethods_HandleExceptionsGracefully [1 ms]
  Failed ParseAsCardCapabilities_WithInvalidData_ReturnsNull [< 1 ms]
  Failed ParseAsCardData_WithInvalidData_ReturnsNull [< 1 ms]
  Failed ParseAsKeyInformation_WithInvalidData_ReturnsNull [< 1 ms]
  Failed Command_FollowsGlobalPlatformSpecification [< 1 ms]
  Failed Constructor_WithInvalidHostChallengeLength_ThrowsArgumentException(0) [< 1 ms]
  Failed Constructor_WithInvalidHostChallengeLength_ThrowsArgumentException(7) [< 1 ms]
  Failed Constructor_WithInvalidHostChallengeLength_ThrowsArgumentException(9) [< 1 ms]
  Failed Constructor_WithInvalidHostChallengeLength_ThrowsArgumentException(16) [< 1 ms]
  Failed Constructor_WithNullHostChallenge_ThrowsArgumentNullException [< 1 ms]
  Failed GetApdu_ReturnsCorrectApduStructure [< 1 ms]
  Failed ToString_ReturnsDescriptiveString [< 1 ms]
  Failed SelectResponse_HandlesEmptyResponse [1 ms]
  Failed Constructor_WithInvalidImplementation_ThrowsArgumentException(48) [< 1 ms]
  Failed Constructor_WithInvalidImplementation_ThrowsArgumentException(64) [< 1 ms]
  Failed Constructor_WithInvalidImplementation_ThrowsArgumentException(80) [< 1 ms]
  Failed SelectResponse_HandlesEmptyResponse [1 ms]
  Failed Constructor_WithInvalidImplementation_ThrowsArgumentException(128) [< 1 ms]
  Failed Constructor_WithInvalidImplementation_ThrowsArgumentException(255) [< 1 ms]
  Failed Constructor_WithNonScp03KeySet_ThrowsArgumentException [< 1 ms]
  Failed CreateInitializeUpdateCommand_WithInvalidHostChallenge_ThrowsArgumentException [< 1 ms]
  Failed ProcessInitializeUpdateResponse_WithScp03Response_CreatesContext [1 ms]
  Failed Constructor_WithInvalidImplementation_ThrowsArgumentException(48) [< 1 ms]
  Failed Constructor_WithInvalidImplementation_ThrowsArgumentException(64) [< 1 ms]
  Failed Constructor_WithInvalidImplementation_ThrowsArgumentException(80) [< 1 ms]
  Failed Constructor_WithInvalidImplementation_ThrowsArgumentException(128) [< 1 ms]
  Failed Constructor_WithInvalidImplementation_ThrowsArgumentException(255) [< 1 ms]
  Failed Constructor_WithNonScp03KeySet_ThrowsArgumentException [< 1 ms]
  Failed CreateInitializeUpdateCommand_WithInvalidHostChallenge_ThrowsArgumentException [< 1 ms]
  Failed ProcessInitializeUpdateResponse_WithScp03Response_CreatesContext [1 ms]
  Failed ProcessSelect_WithUnsupportedInstruction_ShouldReturnError [6 ms]
  Failed ProcessSelect_WithUnsupportedInstruction_ShouldReturnError [7 ms]
  Failed TraceComparison_LoadCommands_MatchExpectedStructure [1 ms]
  Failed TraceComparison_LoadCommands_MatchExpectedStructure [1 ms]
  Failed DeleteCommand_WithSecureChannel_WorksCorrectly [1 ms]
  Failed DeleteCommand_WithSecureChannel_WorksCorrectly [1 ms]
  Failed LoadCommand_FirstBlock_MatchesTrace [< 1 ms]
  Failed LoadCommand_WithWrapping_MatchesTraceFormat [1 ms]
  Failed LoadCommand_FirstBlock_MatchesTrace [< 1 ms]
  Failed LoadCommand_WithWrapping_MatchesTraceFormat [1 ms]
  Failed Scp03_EstablishSecureChannel_MatchesTrace [< 1 ms]
  Failed FullScpConversion_FromScp02ToScp03_Succeeds [1 ms]
  Failed PutKey_WithAesKeys_InstallsSuccessfully [< 1 ms]
  Failed ScpEnable_WithMultipleProtocols_UpdatesConfiguration [< 1 ms]
  Failed Auto_Detect_Secure_Channel_Parameters_Factory [< 1 ms]
  Failed Scp03_EstablishSecureChannel_MatchesTrace [1 ms]
  Failed FullScpConversion_FromScp02ToScp03_Succeeds [1 ms]
  Failed PutKey_WithAesKeys_InstallsSuccessfully [< 1 ms]
  Failed ScpEnable_WithMultipleProtocols_UpdatesConfiguration [< 1 ms]
  Failed Auto_Detect_Secure_Channel_Parameters_Factory [< 1 ms]
  Failed ExecuteAsync_CapFile_Success [1 ms]
  Failed ExecuteAsync_CapFileNotFound_ReturnsError [< 1 ms]
  Failed ExecuteAsync_ConnectionFails_ReturnsError [< 1 ms]
  Failed ExecuteAsync_DeleteFails_ReturnsError [< 1 ms]
  Failed ExecuteAsync_DryRun_NoActualDeletion [< 1 ms]
  Failed ExecuteAsync_DryRunWithCapFile_ParsesButDoesNotDelete [< 1 ms]
  Failed ExecuteAsync_Interactive_NoApplications_Success [< 1 ms]
  Failed ExecuteAsync_InvalidAid_ReturnsError [< 1 ms]
  Failed ExecuteAsync_CapFile_Success [2 ms]
  Failed ExecuteAsync_CapFileNotFound_ReturnsError [< 1 ms]
  Failed ExecuteAsync_ConnectionFails_ReturnsError [< 1 ms]
  Failed ExecuteAsync_DeleteFails_ReturnsError [< 1 ms]
  Failed ExecuteAsync_DryRun_NoActualDeletion [< 1 ms]
  Failed ExecuteAsync_DryRunWithCapFile_ParsesButDoesNotDelete [< 1 ms]
  Failed ExecuteAsync_Interactive_NoApplications_Success [< 1 ms]
  Failed ExecuteAsync_InvalidAid_ReturnsError [< 1 ms]
  Failed ExecuteAsync_NoInputProvided_ReturnsError [< 1 ms]
  Failed ExecuteAsync_SingleAid_DeleteWithoutRelated [< 1 ms]
  Failed ExecuteAsync_SingleAid_Success [< 1 ms]
  Failed GetHumanReadableError_KnownErrorCodes_ReturnsDescriptiveMessage [< 1 ms]
  Failed GetHumanReadableError_UnknownErrorCode_ReturnsOriginalMessage [< 1 ms]
  Failed ExecuteAsync_NoInputProvided_ReturnsError [< 1 ms]
  Failed ExecuteAsync_SingleAid_DeleteWithoutRelated [< 1 ms]
  Failed ExecuteAsync_SingleAid_Success [< 1 ms]
  Failed GetHumanReadableError_KnownErrorCodes_ReturnsDescriptiveMessage [< 1 ms]
  Failed GetHumanReadableError_UnknownErrorCode_ReturnsOriginalMessage [< 1 ms]
  Failed ExecuteAsync_CplcFails_ContinuesWithOtherData [18 ms]
  Failed ExecuteAsync_CplcFails_ContinuesWithOtherData [18 ms]
  Failed ExecuteAsync_WithApplications_DisplaysSummary [2 ms]
  Failed ExecuteAsync_WithCplc_DisplaysCplc [2 ms]
  Failed ExecuteAsync_WithApplications_DisplaysSummary [3 ms]
  Failed ExecuteAsync_WithCplc_DisplaysCplc [2 ms]
