# gp --uninstall OpenFIPS201-v1_10_2-chainfix.cap -d -v
# GlobalPlatformPro v21.12.31-40-g8e3c22b
# Running on Mac OS X 15.5 aarch64, Java 24.0.1 by Homebrew
# SCardConnect("Identiv SCR3500 C Contact Reader", T=*) -> T=1, 3BD518FF8191FE1FC38073C821100A
A>> T=1 (4+0000) 00A40400 00 
A<< (0018+2) (19ms) 6F108408A000000151000000A5049F6501FF 9000
A>> T=1 (4+0008) 80500000 08 E3EE2A55B971C507 00
A<< (0032+2) (50ms) 0370000000000000000001037054FA3E406498CA144CADB36F1520542C000014 9000
A>> T=1 (4+0016) 84820100 10 A9A39F9910EDE5BC5677E1387BD3095D
A<< (0000+2) (18ms) 9000
A>> T=1 (4+0010) 84F28002 0A 4F0097560176BA7BF48F 00
A<< (0040+2) (20ms) E3264F08A0000001510000009F700101C5039EFE80C407A0000001515350CC08A000000151000000 9000
A>> T=1 (4+0010) 84F24002 0A 4F007C5EF00767B5BF51 00
A<< (0045+2) (22ms) E32B4F0BA0000003080000100001009F700107C503000000C409A00000030800001000CC08A000000151000000 9000
A>> T=1 (4+0010) 84F21002 0A 4F00C98CE7A04BD8E14F 00
A<< (0192+2) (51ms) E3254F07A00000015153509F700101CE02FFFF8408A000000151535041CC08A000000151000000E3314F0DA00000016443446F634C6974659F700101CE020100840EA00000016443446F634C69746501CC08A000000151000000E31B4F07A00000006202049F700101CE020100CC08A000000151000000E31B4F07A00000006202029F700101CE020103CC08A000000151000000E32A4F09A000000308000010009F700101CE02010A840BA000000308000010000100CC08A000000151000000 9000
A>> T=1 (4+0010) 84F22002 0A 4F00FED5A70A4D989F52 00
A<< (0153+2) (45ms) E31B4F07A00000015153509F700101CE02FFFFCC08A000000151000000E3214F0DA00000016443446F634C6974659F700101CE020100CC08A000000151000000E31B4F07A00000006202049F700101CE020100CC08A000000151000000E31B4F07A00000006202029F700101CE020103CC08A000000151000000E31D4F09A000000308000010009F700101CE02010ACC08A000000151000000 9000
A>> T=1 (4+0019) 84E40080 13 4F09A0000003080000100020EEDD243F094FAD
A<< (0001+2) (331ms) 00 9000
A00000030800001000 deleted.
# SCardDisconnect("Identiv SCR3500 C Contact Reader", false) tx:128/rx:497 in 614ms
